// Vitest Snapshot v1, https://vitest.dev/guide/snapshot.html

exports[`source.alias 1`] = `
"const a = 'hello world';
console.info(a);
"
`;

exports[`source.alias 2`] = `
""use strict";
var __webpack_exports__ = {};
const a = 'hello world';
console.info(a);
var __webpack_export_target__ = exports;
for(var i in __webpack_exports__)__webpack_export_target__[i] = __webpack_exports__[i];
if (__webpack_exports__.__esModule) Object.defineProperty(__webpack_export_target__, '__esModule', {
    value: true
});
"
`;
