// Vitest Snapshot v1, https://vitest.dev/guide/snapshot.html

exports[`should external @swc/helpers when externalHelpers is true 1`] = `
"import { _ } from "@swc/helpers/_/_class_call_check";
import { _ as __0 } from "@swc/helpers/_/_create_class";
var src_FOO = /*#__PURE__*/ function() {
    "use strict";
    function FOO() {
        _(this, FOO);
    }
    __0(FOO, [
        {
            key: "bar",
            get: function() {}
        }
    ]);
    return FOO;
}();
export { src_FOO as default };
"
`;

exports[`should external @swc/helpers when externalHelpers is true 2`] = `
"import { _ } from "@swc/helpers/_/_class_call_check";
import { _ as __0 } from "@swc/helpers/_/_create_class";
var src_FOO = /*#__PURE__*/ function() {
    "use strict";
    function FOO() {
        _(this, FOO);
    }
    __0(FOO, [
        {
            key: "bar",
            get: function() {}
        }
    ]);
    return FOO;
}();
export { src_FOO as default };
"
`;

exports[`should not external @swc/helpers by default 1`] = `
"function _class_call_check(instance, Constructor) {
    if (!(instance instanceof Constructor)) throw new TypeError("Cannot call a class as a function");
}
function _defineProperties(target, props) {
    for(var i = 0; i < props.length; i++){
        var descriptor = props[i];
        descriptor.enumerable = descriptor.enumerable || false;
        descriptor.configurable = true;
        if ("value" in descriptor) descriptor.writable = true;
        Object.defineProperty(target, descriptor.key, descriptor);
    }
}
function _create_class(Constructor, protoProps, staticProps) {
    if (protoProps) _defineProperties(Constructor.prototype, protoProps);
    if (staticProps) _defineProperties(Constructor, staticProps);
    return Constructor;
}
var src_FOO = /*#__PURE__*/ function() {
    "use strict";
    function FOO() {
        _class_call_check(this, FOO);
    }
    _create_class(FOO, [
        {
            key: "bar",
            get: function() {}
        }
    ]);
    return FOO;
}();
export { src_FOO as default };
"
`;

exports[`should respect user override externalHelpers config 1`] = `
"function _class_call_check(instance, Constructor) {
    if (!(instance instanceof Constructor)) throw new TypeError("Cannot call a class as a function");
}
function _defineProperties(target, props) {
    for(var i = 0; i < props.length; i++){
        var descriptor = props[i];
        descriptor.enumerable = descriptor.enumerable || false;
        descriptor.configurable = true;
        if ("value" in descriptor) descriptor.writable = true;
        Object.defineProperty(target, descriptor.key, descriptor);
    }
}
function _create_class(Constructor, protoProps, staticProps) {
    if (protoProps) _defineProperties(Constructor.prototype, protoProps);
    if (staticProps) _defineProperties(Constructor, staticProps);
    return Constructor;
}
var src_FOO = /*#__PURE__*/ function() {
    "use strict";
    function FOO() {
        _class_call_check(this, FOO);
    }
    _create_class(FOO, [
        {
            key: "bar",
            get: function() {}
        }
    ]);
    return FOO;
}();
export { src_FOO as default };
"
`;

exports[`should respect user override externalHelpers config 2`] = `
"import { _ } from "@swc/helpers/_/_class_call_check";
import { _ as __0 } from "@swc/helpers/_/_create_class";
var src_FOO = /*#__PURE__*/ function() {
    "use strict";
    function FOO() {
        _(this, FOO);
    }
    __0(FOO, [
        {
            key: "bar",
            get: function() {}
        }
    ]);
    return FOO;
}();
export { src_FOO as default };
"
`;
