// Vitest Snapshot v1, https://vitest.dev/guide/snapshot.html

exports[`Should compose create Rsbuild config correctly > Merge Rsbuild config 1`] = `
[
  {
    "config": {
      "dev": {
        "progressBar": false,
      },
      "mode": "production",
      "output": {
        "distPath": {
          "js": "./",
        },
        "externals": [
          [Function],
        ],
        "filename": {
          "js": "[name].js",
        },
        "filenameHash": false,
        "minify": {
          "css": false,
          "js": true,
          "jsOptions": {
            "minimizerOptions": {
              "compress": {
                "dead_code": true,
                "defaults": false,
                "toplevel": true,
                "unused": true,
              },
              "format": {
                "comments": "all",
              },
              "mangle": false,
              "minify": false,
            },
          },
        },
        "overrideBrowserslist": [
          "last 1 node versions",
          "last 1 Chrome versions",
          "last 1 Firefox versions",
          "last 1 Edge versions",
          "last 1 Safari versions",
          "last 1 ios_saf versions",
          "not dead",
        ],
      },
      "source": {
        "alias": {
          "bar": "bar",
          "foo": "foo/esm",
        },
        "entry": {},
        "preEntry": "./b.js",
      },
      "tools": {
        "htmlPlugin": false,
        "rspack": [
          {
            "experiments": {
              "rspackFuture": {
                "bundlerInfo": {
                  "force": false,
                },
              },
            },
            "optimization": {
              "moduleIds": "named",
              "nodeEnv": false,
            },
            "resolve": {
              "extensionAlias": {
                ".cjs": [
                  ".cts",
                  ".cjs",
                ],
                ".js": [
                  ".ts",
                  ".tsx",
                  ".js",
                  ".jsx",
                ],
                ".jsx": [
                  ".tsx",
                  ".jsx",
                ],
                ".mjs": [
                  ".mts",
                  ".mjs",
                ],
              },
            },
          },
          {
            "experiments": {
              "outputModule": true,
            },
            "externalsType": "module-import",
            "module": {
              "parser": {
                "javascript": {
                  "importDynamic": false,
                  "importMeta": false,
                  "requireAsExpression": false,
                  "requireDynamic": false,
                  "requireResolve": false,
                },
              },
            },
            "optimization": {
              "concatenateModules": true,
              "sideEffects": "flag",
            },
            "output": {
              "chunkFormat": "module",
              "chunkLoading": "import",
              "library": {
                "type": "modern-module",
              },
              "module": true,
              "wasmLoading": "fetch",
              "workerChunkLoading": "import",
            },
          },
          [Function],
          {
            "target": [
              "web",
            ],
          },
          {
            "resolve": {
              "extensionAlias": {
                ".js": [
                  ".ts",
                  ".tsx",
                ],
              },
            },
          },
        ],
        "swc": {
          "jsc": {
            "externalHelpers": false,
          },
        },
      },
    },
    "format": "esm",
  },
  {
    "config": {
      "dev": {
        "progressBar": false,
      },
      "mode": "production",
      "output": {
        "distPath": {
          "js": "./",
        },
        "filename": {
          "js": "[name].js",
        },
        "filenameHash": false,
        "minify": {
          "css": false,
          "js": true,
          "jsOptions": {
            "minimizerOptions": {
              "compress": {
                "dead_code": true,
                "defaults": false,
                "toplevel": true,
                "unused": true,
              },
              "format": {
                "comments": "all",
              },
              "mangle": false,
              "minify": false,
            },
          },
        },
        "overrideBrowserslist": [
          "last 1 node versions",
          "last 1 Chrome versions",
          "last 1 Firefox versions",
          "last 1 Edge versions",
          "last 1 Safari versions",
          "last 1 ios_saf versions",
          "not dead",
        ],
      },
      "plugins": [
        {
          "name": "rsbuild-plugin-cjs-shim",
          "setup": [Function],
        },
      ],
      "source": {
        "alias": {
          "bar": "bar/cjs",
          "foo": "foo",
        },
        "entry": {},
        "preEntry": [
          "./a.js",
          "./c.js",
          "./d.js",
        ],
      },
      "tools": {
        "htmlPlugin": false,
        "rspack": [
          {
            "experiments": {
              "rspackFuture": {
                "bundlerInfo": {
                  "force": false,
                },
              },
            },
            "optimization": {
              "moduleIds": "named",
              "nodeEnv": false,
            },
            "resolve": {
              "extensionAlias": {
                ".cjs": [
                  ".cts",
                  ".cjs",
                ],
                ".js": [
                  ".ts",
                  ".tsx",
                  ".js",
                  ".jsx",
                ],
                ".jsx": [
                  ".tsx",
                  ".jsx",
                ],
                ".mjs": [
                  ".mts",
                  ".mjs",
                ],
              },
            },
          },
          {
            "externalsType": "commonjs",
            "module": {
              "parser": {
                "javascript": {
                  "importDynamic": false,
                  "importMeta": false,
                  "requireAsExpression": false,
                  "requireDynamic": false,
                  "requireResolve": false,
                },
              },
            },
            "output": {
              "chunkFormat": "commonjs",
              "chunkLoading": "require",
              "iife": false,
              "library": {
                "type": "commonjs",
              },
              "wasmLoading": "async-node",
              "workerChunkLoading": "async-node",
            },
          },
          [Function],
          {
            "target": [
              "web",
            ],
          },
          {
            "resolve": {
              "extensionAlias": {
                ".js": [
                  ".ts",
                  ".tsx",
                ],
              },
            },
          },
        ],
        "swc": {
          "jsc": {
            "externalHelpers": false,
          },
        },
      },
    },
    "format": "cjs",
  },
  {
    "config": {
      "dev": {
        "progressBar": false,
      },
      "mode": "production",
      "output": {
        "distPath": {
          "js": "./",
        },
        "filename": {
          "js": "[name].js",
        },
        "filenameHash": false,
        "minify": {
          "css": false,
          "js": true,
          "jsOptions": {
            "minimizerOptions": {
              "compress": {
                "dead_code": true,
                "defaults": false,
                "toplevel": true,
                "unused": true,
              },
              "format": {
                "comments": "all",
              },
              "mangle": false,
              "minify": false,
            },
          },
        },
        "overrideBrowserslist": [
          "last 1 node versions",
          "last 1 Chrome versions",
          "last 1 Firefox versions",
          "last 1 Edge versions",
          "last 1 Safari versions",
          "last 1 ios_saf versions",
          "not dead",
        ],
      },
      "source": {
        "alias": {
          "bar": "bar",
          "foo": "foo",
        },
        "entry": {},
        "preEntry": "./a.js",
      },
      "tools": {
        "htmlPlugin": false,
        "rspack": [
          {
            "experiments": {
              "rspackFuture": {
                "bundlerInfo": {
                  "force": false,
                },
              },
            },
            "optimization": {
              "moduleIds": "named",
              "nodeEnv": false,
            },
            "resolve": {
              "extensionAlias": {
                ".cjs": [
                  ".cts",
                  ".cjs",
                ],
                ".js": [
                  ".ts",
                  ".tsx",
                  ".js",
                  ".jsx",
                ],
                ".jsx": [
                  ".tsx",
                  ".jsx",
                ],
                ".mjs": [
                  ".mts",
                  ".mjs",
                ],
              },
            },
          },
          {
            "externalsType": "umd",
            "module": {
              "parser": {
                "javascript": {
                  "importMeta": false,
                },
              },
            },
            "output": {
              "library": {
                "type": "umd",
              },
            },
          },
          [Function],
          {
            "target": [
              "web",
            ],
          },
          {
            "resolve": {
              "extensionAlias": {
                ".js": [
                  ".ts",
                  ".tsx",
                ],
              },
            },
          },
        ],
        "swc": {
          "jsc": {
            "externalHelpers": false,
          },
        },
      },
    },
    "format": "umd",
  },
]
`;
