// Vitest Snapshot v1, https://vitest.dev/guide/snapshot.html

exports[`resolve.extensionAlias should work 1`] = `
""use strict";
var __webpack_exports__ = {};
const bar = 'bar';
const foo = 'foo';
console.log(foo + bar);
for(var __webpack_i__ in __webpack_exports__)exports[__webpack_i__] = __webpack_exports__[__webpack_i__];
Object.defineProperty(exports, '__esModule', {
    value: true
});
"
`;

exports[`resolve.extensionAlias should work 2`] = `
"const bar = 'bar';
const foo = 'foo';
console.log(foo + bar);
"
`;
