// Vitest Snapshot v1, https://vitest.dev/guide/snapshot.html

exports[`svgr in bundleless 1`] = `
"import __rslib_asset__ from '../static/svg/logo.svg';
export default __rslib_asset__;
"
`;

exports[`svgr in bundleless 2`] = `
"module.exports = require('../static/svg/logo.svg');
"
`;
